// Jest Snapshot v1, https://goo.gl/fbAQLP

exports[`<EditReportContainer> should render without crashing 1`] = `
<Provider
  store={
    Object {
      "clearActions": [Function],
      "dispatch": [Function],
      "getActions": [Function],
      "getState": [Function],
      "replaceReducer": [Function],
      "subscribe": [Function],
    }
  }
>
  <BrowserRouter
    keyLength={0}
  >
    <Router
      history={
        Object {
          "action": "REPLACE",
          "block": [Function],
          "createHref": [Function],
          "go": [Function],
          "goBack": [Function],
          "goForward": [Function],
          "length": 1,
          "listen": [Function],
          "location": Object {
            "hash": "",
            "pathname": "/login",
            "search": "",
            "state": undefined,
          },
          "push": [Function],
          "replace": [Function],
        }
      }
    >
      <Connect(EditReportContainer)
        location={
          Object {
            "pathname": "/path/type/1",
          }
        }
      >
        <EditReportContainer
          fetchReports={[Function]}
          location={
            Object {
              "pathname": "/path/type/1",
            }
          }
          report={
            Object {
              "data": Array [],
              "isBusy": false,
              "redirect": false,
              "success": false,
            }
          }
          updateReport={[Function]}
          user={
            Object {
              "isBusy": false,
              "message": Array [],
              "success": false,
            }
          }
        >
          <Redirect
            push={false}
            to="/login"
          />
        </EditReportContainer>
      </Connect(EditReportContainer)>
    </Router>
  </BrowserRouter>
</Provider>
`;
