// Jest Snapshot v1, https://goo.gl/fbAQLP

exports[`<EditReport> should render without crashing for empty data 1`] = `
<main
  className="login-wrapper top-space account-wrapper"
>
  <section
    className="heading"
  >
    <div
      className="wrapper"
    >
      <div
        className="bread"
      >
        <h1>
          <Link
            className="link-back"
            replace={false}
            to="/dashboard"
          >
            <i
              className="fa fa-arrow-left"
            />
          </Link>
          Edit Report
        </h1>
      </div>
    </div>
  </section>
  <div
    className="wrapper"
    data-pg-name="Wrapper"
  >
    <div
      className="max-width-800 indicator text-center"
    />
    <div
      className="report-item card card-sm create-report-details padding-zero-btm"
    >
      <h2
        className="report-box-title"
      >
        Report Type
      </h2>
      <p>
        Is this incident linked to corruption or just an issue that needs government intervention ?
      </p>
      <div
        className="row"
        data-pg-name="Row"
      >
        <div
          className="column column-md-6"
          data-pg-name="Column"
        >
          <div
            className="report-item max-width-800 report-box card no-margin-btm disabled"
            title="Red Flag Report"
          >
            <h4>
              Corruption case
               
              <i
                className="fa fa-flag flag"
                title="Red Flag Report"
              />
            </h4>
            <p>
              e.g. bribery, extortion, money laundering, e.t.c
            </p>
            <input
              className="radio-fine"
              defaultChecked={false}
              defaultValue="red-flag"
              disabled={true}
              name="type"
              type="radio"
            />
            <div
              className="pg-empty-placeholder radio-mark"
            />
          </div>
        </div>
        <div
          className="column column-md-6"
          data-pg-name="Column"
        >
          <div
            className="report-item max-width-800 report-box card disabled"
            title="Intervention Report"
          >
            <h4>
              Intervention Case
               
              <i
                className="fa flag fa-bullhorn flag-intervention"
                title="Intervention Report"
              />
            </h4>
            <p>
              e.g. bad road, collapsed bridge, flooding, e.t.c
            </p>
            <input
              className="radio-fine"
              defaultChecked={false}
              defaultValue="intervention"
              disabled={true}
              name="type"
              type="radio"
            />
            <div
              className="pg-empty-placeholder radio-mark"
            />
          </div>
        </div>
      </div>
    </div>
    <form
      className="report-item card card-sm create-report-details"
      id="commentBox"
      noValidate={true}
      onSubmit={[MockFunction]}
    >
      <div
        className="form-wrapper"
      >
        <label
          htmlFor="title"
        >
          Title 
        </label>
        <input
          className="form-element"
          id="title"
          name="title"
          required={true}
          type="text"
        />
      </div>
      <div
        className="form-wrapper no-margin-btm"
      >
        <label
          htmlFor="comment"
        >
          Comment
        </label>
        <textarea
          className="form-element"
          id="comment"
          name="comment"
          required={true}
        />
      </div>
      <Button
        isBusy={false}
        route="undefineds/undefined/comment"
        text="Save changes"
      />
    </form>
    <form
      className="report-item card card-sm create-report-details"
      noValidate={true}
      onSubmit={[MockFunction]}
    >
      <header
        className="header-create"
      >
        <h2
          className="report-box-title"
        >
          Location
        </h2>
        <p>
          Where did this happen? Enter the latitude/longitude. You can use
           
          <Link
            replace={false}
            target="_blank"
            to="https://maps.google.com"
          >
            <strong>
              <ins>
                Google Map
              </ins>
            </strong>
          </Link>
           
          for help.
        </p>
        <p
          className="hidden"
        >
          Where did this happen? Enter the latitude/longitude or simply use the marker to choose a location from the map
        </p>
      </header>
      <div
        className="row"
        data-pg-name="Row"
      >
        <div
          className="column-md-6 column column-xs-6"
          data-pg-name="column-md-6"
        >
          <div
            className="form-wrapper"
          >
            <label
              htmlFor="lat"
            >
              Latitude
            </label>
            <input
              className="form-element"
              defaultValue=""
              id="lat"
              name="latitude"
              required={true}
              type="text"
            />
          </div>
        </div>
        <div
          className="column-md-6 column column-xs-6"
          data-pg-name="column-md-6"
        >
          <div
            className="form-wrapper"
          >
            <label
              htmlFor="long"
            >
              Longitude
            </label>
            <input
              className="form-element"
              id="long"
              name="longitude"
              required={true}
              type="text"
            />
          </div>
        </div>
      </div>
      <Button
        isBusy={false}
        route="undefineds/undefined/location"
        text="Save changes"
      />
    </form>
    <div
      className="btn-wrapper"
    >
      <Link
        className="btn-brand btn-submit btn-secondary btn-250"
        replace={false}
        to="/dashboard"
      >
        Done
      </Link>
    </div>
  </div>
</main>
`;

exports[`<EditReport> should render without crashing with data 1`] = `
<main
  className="login-wrapper top-space account-wrapper"
>
  <section
    className="heading"
  >
    <div
      className="wrapper"
    >
      <div
        className="bread"
      >
        <h1>
          <Link
            className="link-back"
            replace={false}
            to="/dashboard"
          >
            <i
              className="fa fa-arrow-left"
            />
          </Link>
          Edit Report
        </h1>
      </div>
    </div>
  </section>
  <div
    className="wrapper"
    data-pg-name="Wrapper"
  >
    <div
      className="max-width-800 indicator text-center"
    />
    <div
      className="report-item card card-sm create-report-details padding-zero-btm"
    >
      <h2
        className="report-box-title"
      >
        Report Type
      </h2>
      <p>
        Is this incident linked to corruption or just an issue that needs government intervention ?
      </p>
      <div
        className="row"
        data-pg-name="Row"
      >
        <div
          className="column column-md-6"
          data-pg-name="Column"
        >
          <div
            className="report-item max-width-800 report-box card no-margin-btm disabled"
            title="Red Flag Report"
          >
            <h4>
              Corruption case
               
              <i
                className="fa fa-flag flag"
                title="Red Flag Report"
              />
            </h4>
            <p>
              e.g. bribery, extortion, money laundering, e.t.c
            </p>
            <input
              className="radio-fine"
              defaultChecked={false}
              defaultValue="red-flag"
              disabled={true}
              name="type"
              type="radio"
            />
            <div
              className="pg-empty-placeholder radio-mark"
            />
          </div>
        </div>
        <div
          className="column column-md-6"
          data-pg-name="Column"
        >
          <div
            className="report-item max-width-800 report-box card disabled"
            title="Intervention Report"
          >
            <h4>
              Intervention Case
               
              <i
                className="fa flag fa-bullhorn flag-intervention"
                title="Intervention Report"
              />
            </h4>
            <p>
              e.g. bad road, collapsed bridge, flooding, e.t.c
            </p>
            <input
              className="radio-fine"
              defaultChecked={false}
              defaultValue="intervention"
              disabled={true}
              name="type"
              type="radio"
            />
            <div
              className="pg-empty-placeholder radio-mark"
            />
          </div>
        </div>
      </div>
    </div>
    <form
      className="report-item card card-sm create-report-details"
      id="commentBox"
      noValidate={true}
      onSubmit={[MockFunction]}
    >
      <div
        className="form-wrapper"
      >
        <label
          htmlFor="title"
        >
          Title 
        </label>
        <input
          className="form-element"
          id="title"
          name="title"
          required={true}
          type="text"
        />
      </div>
      <div
        className="form-wrapper no-margin-btm"
      >
        <label
          htmlFor="comment"
        >
          Comment
        </label>
        <textarea
          className="form-element"
          id="comment"
          name="comment"
          required={true}
        />
      </div>
      <Button
        isBusy={false}
        route="undefineds/undefined/comment"
        text="Save changes"
      />
    </form>
    <form
      className="report-item card card-sm create-report-details"
      noValidate={true}
      onSubmit={[MockFunction]}
    >
      <header
        className="header-create"
      >
        <h2
          className="report-box-title"
        >
          Location
        </h2>
        <p>
          Where did this happen? Enter the latitude/longitude. You can use
           
          <Link
            replace={false}
            target="_blank"
            to="https://maps.google.com"
          >
            <strong>
              <ins>
                Google Map
              </ins>
            </strong>
          </Link>
           
          for help.
        </p>
        <p
          className="hidden"
        >
          Where did this happen? Enter the latitude/longitude or simply use the marker to choose a location from the map
        </p>
      </header>
      <div
        className="row"
        data-pg-name="Row"
      >
        <div
          className="column-md-6 column column-xs-6"
          data-pg-name="column-md-6"
        >
          <div
            className="form-wrapper"
          >
            <label
              htmlFor="lat"
            >
              Latitude
            </label>
            <input
              className="form-element"
              defaultValue=""
              id="lat"
              name="latitude"
              required={true}
              type="text"
            />
          </div>
        </div>
        <div
          className="column-md-6 column column-xs-6"
          data-pg-name="column-md-6"
        >
          <div
            className="form-wrapper"
          >
            <label
              htmlFor="long"
            >
              Longitude
            </label>
            <input
              className="form-element"
              id="long"
              name="longitude"
              required={true}
              type="text"
            />
          </div>
        </div>
      </div>
      <Button
        isBusy={false}
        route="undefineds/undefined/location"
        text="Save changes"
      />
    </form>
    <div
      className="btn-wrapper"
    >
      <Link
        className="btn-brand btn-submit btn-secondary btn-250"
        replace={false}
        to="/dashboard"
      >
        Done
      </Link>
    </div>
  </div>
</main>
`;
