// Jest Snapshot v1, https://goo.gl/fbAQLP

exports[`<Header> should render without crashing 1`] = `
<nav
  className="navigation"
>
  <div
    className="wrapper"
  >
    <div
      className="clear-float"
    >
      <Link
        className="nav-brand text-brand float-left"
        replace={false}
        to="/"
      >
        iReporter
      </Link>
      <ul
        className="nav-section float-right nav-shown nav-hidden transition"
        id="nav-section"
      >
        <li
          data-pg-name="Nav Item"
        >
          <Link
            replace={false}
            to="/"
          >
            Home
          </Link>
        </li>
        <li
          data-pg-name="Nav Item"
        >
          <Link
            replace={false}
            to="/login"
          >
            Sign in
          </Link>
        </li>
        <li
          className="btn-cta"
          data-pg-name="Nav Item"
        >
          <Link
            className="btn-brand transition"
            replace={false}
            to="/sign-up"
          >
            Report a case
          </Link>
        </li>
      </ul>
      <button
        className="menu-bar"
        type="button"
      >
        <i
          className="fa fa-align-justify"
        />
      </button>
    </div>
  </div>
</nav>
`;
